{
  "backend": "windows-vbs-enclave-probe",
  "vbs_supported": true,
  "enclave_created": true,
  "image_loaded": true,
  "enclave_initialized": true,
  "enclave_called": true,
  "probe_validated": true,
  "malformed_abi_rejected": true,
  "null_input_rejected": true,
  "debug_requested": false,
  "identity_flags": 0,
  "uses_attested_keys": 0,
  "report_bytes": 1240,
  "report_saved": true,
  "enclave_deleted": true,
  "stage": "complete",
  "win32_error": 0,
  "operation_hresult": "0x00000000",
  "local_report_verification_hresult": "0x00000000",
  "cleanup_error": 0,
  "enclave_crypto_checks_passed": 68,
  "client_attestation_verification": null,
  "confidential_seed_channel_implemented": false,
  "hpke_seed_channel_core_compiled": true,
  "public_material_core_compiled": true,
  "private_material_backend_implemented": false,
  "process_exit_code": 0,
  "timestamp_utc": "2026-09-21T11:40:15.8989977Z",
  "tested_enclave_sha256": "A1CC0107709955ED7D1B45DABC3579DD4EE691DE48D69BD53606ED996FA843E8",
  "tested_host_sha256": "9C7FE3D60AB3258C6E282DED4A013A82AEB71C5AA738341FE85060F39BEC76EE",
  "win32_error_message": "操作成功完成。"
}
